bandit11@bandit:~$ ls
data.txt
bandit11@bandit:~$ ls -alh
total 24K
drwxr-xr-x  2 root     root     4.0K May  7  2020 .
drwxr-xr-x 41 root     root     4.0K May  7  2020 ..
-rw-r--r--  1 root     root      220 May 15  2017 .bash_logout
-rw-r--r--  1 root     root     3.5K May 15  2017 .bashrc
-rw-r-----  1 bandit12 bandit11   49 May  7  2020 data.txt
-rw-r--r--  1 root     root      675 May 15  2017 .profile
bandit11@bandit:~$ cat data.txt
Gur cnffjbeq vf 5Gr8L4qetPEsPk8htqjhRK8XSP6x2RHh
bandit11@bandit:~$ cat data.txt | base64 --decode data.txt
â–’base64: invalid input
bandit11@bandit:~$ cat data.txt | tr 'A-Za-z' 'N-ZA-Mn-za-m'
The password is 5Te8Y4drgCRfCx8ugdwuEX8KFC6k2EUu
bandit11@bandit:~$
